- John
- Personnes/John
- Personnes/junior
- junior
